MPLINK 4.49, Linker
Linker Map File - Created Sat Jun 06 01:07:34 2015

                                 Section Info
                  Section       Type    Address   Location Size(Bytes)
                ---------  ---------  ---------  ---------  ---------
                   .org_0       code   0x000000    program   0x000094



                              Program Memory Usage 
                               Start         End      
                           ---------   ---------      
                            0x000000    0x000049      
            74 out of 8454 program addresses used, program memory utilization is 0%



                              Symbols - Sorted by Name
                     Name    Address   Location    Storage File                     
                ---------  ---------  ---------  --------- ---------                
                      LP1   0x00003c    program     static D:\Summer vecations\pic project\themometer\Untitled.asm
                     NEXT   0x000038    program     static D:\Summer vecations\pic project\themometer\Untitled.asm
                     loop   0x000018    program     static D:\Summer vecations\pic project\themometer\Untitled.asm
                   setONE   0x000030    program     static D:\Summer vecations\pic project\themometer\Untitled.asm
                  setZERO   0x000033    program     static D:\Summer vecations\pic project\themometer\Untitled.asm
                     test   0x00001f    program     static D:\Summer vecations\pic project\themometer\Untitled.asm



                              Symbols - Sorted by Address
                     Name    Address   Location    Storage File                     
                ---------  ---------  ---------  --------- ---------                
                     loop   0x000018    program     static D:\Summer vecations\pic project\themometer\Untitled.asm
                     test   0x00001f    program     static D:\Summer vecations\pic project\themometer\Untitled.asm
                   setONE   0x000030    program     static D:\Summer vecations\pic project\themometer\Untitled.asm
                  setZERO   0x000033    program     static D:\Summer vecations\pic project\themometer\Untitled.asm
                     NEXT   0x000038    program     static D:\Summer vecations\pic project\themometer\Untitled.asm
                      LP1   0x00003c    program     static D:\Summer vecations\pic project\themometer\Untitled.asm


